
Discarded input sections

 .group         0x0000000000000000        0xc build/src/main.o
 .group         0x0000000000000000        0xc build/src/main.o
 .group         0x0000000000000000        0xc build/src/main.o
 .group         0x0000000000000000        0xc build/src/main.o
 .group         0x0000000000000000        0xc build/src/main.o
 .group         0x0000000000000000        0xc build/src/main.o
 .group         0x0000000000000000        0xc build/src/main.o
 .group         0x0000000000000000        0xc build/src/main.o
 .group         0x0000000000000000        0xc build/src/main.o
 .group         0x0000000000000000        0xc build/src/main.o
 .group         0x0000000000000000        0xc build/src/main.o
 .group         0x0000000000000000        0xc build/src/main.o
 .group         0x0000000000000000        0xc build/src/main.o
 .group         0x0000000000000000        0xc build/src/main.o
 .group         0x0000000000000000        0xc build/src/main.o
 .group         0x0000000000000000        0xc build/src/main.o
 .group         0x0000000000000000        0xc build/src/main.o
 .group         0x0000000000000000        0xc build/src/main.o
 .group         0x0000000000000000        0xc build/src/main.o
 .group         0x0000000000000000        0xc build/src/main.o
 .group         0x0000000000000000        0xc build/src/main.o
 .group         0x0000000000000000        0xc build/src/main.o
 .group         0x0000000000000000        0xc build/src/main.o
 .group         0x0000000000000000        0xc build/src/main.o
 .group         0x0000000000000000        0xc build/src/main.o
 .group         0x0000000000000000        0xc build/src/main.o
 .group         0x0000000000000000        0xc build/src/main.o
 .group         0x0000000000000000        0xc build/src/main.o
 .group         0x0000000000000000        0xc build/src/main.o
 .text          0x0000000000000000        0x0 build/src/main.o
 .data          0x0000000000000000        0x0 build/src/main.o
 .bss           0x0000000000000000        0x0 build/src/main.o
 .group         0x0000000000000000        0xc build/src/hebitmap.o
 .group         0x0000000000000000        0xc build/src/hebitmap.o
 .group         0x0000000000000000        0xc build/src/hebitmap.o
 .group         0x0000000000000000        0xc build/src/hebitmap.o
 .group         0x0000000000000000        0xc build/src/hebitmap.o
 .group         0x0000000000000000        0xc build/src/hebitmap.o
 .group         0x0000000000000000        0xc build/src/hebitmap.o
 .group         0x0000000000000000        0xc build/src/hebitmap.o
 .group         0x0000000000000000        0xc build/src/hebitmap.o
 .group         0x0000000000000000        0xc build/src/hebitmap.o
 .group         0x0000000000000000        0xc build/src/hebitmap.o
 .group         0x0000000000000000        0xc build/src/hebitmap.o
 .group         0x0000000000000000        0xc build/src/hebitmap.o
 .group         0x0000000000000000        0xc build/src/hebitmap.o
 .group         0x0000000000000000        0xc build/src/hebitmap.o
 .group         0x0000000000000000        0xc build/src/hebitmap.o
 .group         0x0000000000000000        0xc build/src/hebitmap.o
 .group         0x0000000000000000        0xc build/src/hebitmap.o
 .group         0x0000000000000000        0xc build/src/hebitmap.o
 .group         0x0000000000000000        0xc build/src/hebitmap.o
 .group         0x0000000000000000        0xc build/src/hebitmap.o
 .group         0x0000000000000000        0xc build/src/hebitmap.o
 .group         0x0000000000000000        0xc build/src/hebitmap.o
 .group         0x0000000000000000        0xc build/src/hebitmap.o
 .group         0x0000000000000000        0xc build/src/hebitmap.o
 .group         0x0000000000000000        0xc build/src/hebitmap.o
 .group         0x0000000000000000        0xc build/src/hebitmap.o
 .group         0x0000000000000000        0xc build/src/hebitmap.o
 .group         0x0000000000000000        0xc build/src/hebitmap.o
 .text          0x0000000000000000        0x0 build/src/hebitmap.o
 .data          0x0000000000000000        0x0 build/src/hebitmap.o
 .bss           0x0000000000000000        0x0 build/src/hebitmap.o
 .text.HEBitmapFromLCDBitmap
                0x0000000000000000        0x8 build/src/hebitmap.o
 .text.HEBitmapGetData
                0x0000000000000000       0x38 build/src/hebitmap.o
 .debug_macro   0x0000000000000000      0xaa8 build/src/hebitmap.o
 .debug_macro   0x0000000000000000       0x22 build/src/hebitmap.o
 .debug_macro   0x0000000000000000       0x8e build/src/hebitmap.o
 .debug_macro   0x0000000000000000       0x51 build/src/hebitmap.o
 .debug_macro   0x0000000000000000       0xef build/src/hebitmap.o
 .debug_macro   0x0000000000000000       0x6a build/src/hebitmap.o
 .debug_macro   0x0000000000000000      0x1df build/src/hebitmap.o
 .debug_macro   0x0000000000000000       0x18 build/src/hebitmap.o
 .debug_macro   0x0000000000000000       0x5e build/src/hebitmap.o
 .debug_macro   0x0000000000000000       0x35 build/src/hebitmap.o
 .debug_macro   0x0000000000000000       0x34 build/src/hebitmap.o
 .debug_macro   0x0000000000000000       0x16 build/src/hebitmap.o
 .debug_macro   0x0000000000000000      0x10e build/src/hebitmap.o
 .debug_macro   0x0000000000000000       0x8d build/src/hebitmap.o
 .debug_macro   0x0000000000000000       0x58 build/src/hebitmap.o
 .debug_macro   0x0000000000000000       0x1f build/src/hebitmap.o
 .debug_macro   0x0000000000000000       0x43 build/src/hebitmap.o
 .debug_macro   0x0000000000000000       0x20 build/src/hebitmap.o
 .debug_macro   0x0000000000000000      0x18e build/src/hebitmap.o
 .debug_macro   0x0000000000000000      0x339 build/src/hebitmap.o
 .debug_macro   0x0000000000000000       0x16 build/src/hebitmap.o
 .debug_macro   0x0000000000000000       0x29 build/src/hebitmap.o
 .debug_macro   0x0000000000000000       0x28 build/src/hebitmap.o
 .debug_macro   0x0000000000000000       0x58 build/src/hebitmap.o
 .debug_macro   0x0000000000000000       0x16 build/src/hebitmap.o
 .debug_macro   0x0000000000000000       0x35 build/src/hebitmap.o
 .debug_macro   0x0000000000000000       0x1c build/src/hebitmap.o
 .debug_macro   0x0000000000000000       0x22 build/src/hebitmap.o
 .debug_macro   0x0000000000000000      0x1e1 build/src/hebitmap.o
 .group         0x0000000000000000        0xc build/src/hebitmap_prv.o
 .group         0x0000000000000000        0xc build/src/hebitmap_prv.o
 .group         0x0000000000000000        0xc build/src/hebitmap_prv.o
 .group         0x0000000000000000        0xc build/src/hebitmap_prv.o
 .group         0x0000000000000000        0xc build/src/hebitmap_prv.o
 .group         0x0000000000000000        0xc build/src/hebitmap_prv.o
 .group         0x0000000000000000        0xc build/src/hebitmap_prv.o
 .group         0x0000000000000000        0xc build/src/hebitmap_prv.o
 .group         0x0000000000000000        0xc build/src/hebitmap_prv.o
 .group         0x0000000000000000        0xc build/src/hebitmap_prv.o
 .group         0x0000000000000000        0xc build/src/hebitmap_prv.o
 .group         0x0000000000000000        0xc build/src/hebitmap_prv.o
 .group         0x0000000000000000        0xc build/src/hebitmap_prv.o
 .group         0x0000000000000000        0xc build/src/hebitmap_prv.o
 .group         0x0000000000000000        0xc build/src/hebitmap_prv.o
 .group         0x0000000000000000        0xc build/src/hebitmap_prv.o
 .group         0x0000000000000000        0xc build/src/hebitmap_prv.o
 .group         0x0000000000000000        0xc build/src/hebitmap_prv.o
 .group         0x0000000000000000        0xc build/src/hebitmap_prv.o
 .group         0x0000000000000000        0xc build/src/hebitmap_prv.o
 .group         0x0000000000000000        0xc build/src/hebitmap_prv.o
 .group         0x0000000000000000        0xc build/src/hebitmap_prv.o
 .group         0x0000000000000000        0xc build/src/hebitmap_prv.o
 .group         0x0000000000000000        0xc build/src/hebitmap_prv.o
 .group         0x0000000000000000        0xc build/src/hebitmap_prv.o
 .group         0x0000000000000000        0xc build/src/hebitmap_prv.o
 .group         0x0000000000000000        0xc build/src/hebitmap_prv.o
 .group         0x0000000000000000        0xc build/src/hebitmap_prv.o
 .group         0x0000000000000000        0xc build/src/hebitmap_prv.o
 .text          0x0000000000000000        0x0 build/src/hebitmap_prv.o
 .data          0x0000000000000000        0x0 build/src/hebitmap_prv.o
 .bss           0x0000000000000000        0x0 build/src/hebitmap_prv.o
 .debug_macro   0x0000000000000000      0xaa8 build/src/hebitmap_prv.o
 .debug_macro   0x0000000000000000       0x22 build/src/hebitmap_prv.o
 .debug_macro   0x0000000000000000       0x8e build/src/hebitmap_prv.o
 .debug_macro   0x0000000000000000       0x51 build/src/hebitmap_prv.o
 .debug_macro   0x0000000000000000       0xef build/src/hebitmap_prv.o
 .debug_macro   0x0000000000000000       0x6a build/src/hebitmap_prv.o
 .debug_macro   0x0000000000000000      0x1df build/src/hebitmap_prv.o
 .debug_macro   0x0000000000000000       0x18 build/src/hebitmap_prv.o
 .debug_macro   0x0000000000000000       0x5e build/src/hebitmap_prv.o
 .debug_macro   0x0000000000000000       0x35 build/src/hebitmap_prv.o
 .debug_macro   0x0000000000000000       0x34 build/src/hebitmap_prv.o
 .debug_macro   0x0000000000000000       0x16 build/src/hebitmap_prv.o
 .debug_macro   0x0000000000000000      0x10e build/src/hebitmap_prv.o
 .debug_macro   0x0000000000000000       0x8d build/src/hebitmap_prv.o
 .debug_macro   0x0000000000000000       0x58 build/src/hebitmap_prv.o
 .debug_macro   0x0000000000000000       0x1f build/src/hebitmap_prv.o
 .debug_macro   0x0000000000000000       0x43 build/src/hebitmap_prv.o
 .debug_macro   0x0000000000000000       0x20 build/src/hebitmap_prv.o
 .debug_macro   0x0000000000000000      0x18e build/src/hebitmap_prv.o
 .debug_macro   0x0000000000000000      0x339 build/src/hebitmap_prv.o
 .debug_macro   0x0000000000000000       0x16 build/src/hebitmap_prv.o
 .debug_macro   0x0000000000000000       0x29 build/src/hebitmap_prv.o
 .debug_macro   0x0000000000000000       0x28 build/src/hebitmap_prv.o
 .debug_macro   0x0000000000000000       0x58 build/src/hebitmap_prv.o
 .debug_macro   0x0000000000000000       0x16 build/src/hebitmap_prv.o
 .debug_macro   0x0000000000000000       0x35 build/src/hebitmap_prv.o
 .debug_macro   0x0000000000000000       0x1c build/src/hebitmap_prv.o
 .debug_macro   0x0000000000000000       0x22 build/src/hebitmap_prv.o
 .debug_macro   0x0000000000000000      0x1e1 build/src/hebitmap_prv.o
 .group         0x0000000000000000        0xc build//Users/rae/Developer/PlaydateSDK/C_API/buildsupport/setup.o
 .group         0x0000000000000000        0xc build//Users/rae/Developer/PlaydateSDK/C_API/buildsupport/setup.o
 .group         0x0000000000000000        0xc build//Users/rae/Developer/PlaydateSDK/C_API/buildsupport/setup.o
 .group         0x0000000000000000        0xc build//Users/rae/Developer/PlaydateSDK/C_API/buildsupport/setup.o
 .group         0x0000000000000000        0xc build//Users/rae/Developer/PlaydateSDK/C_API/buildsupport/setup.o
 .group         0x0000000000000000        0xc build//Users/rae/Developer/PlaydateSDK/C_API/buildsupport/setup.o
 .group         0x0000000000000000        0xc build//Users/rae/Developer/PlaydateSDK/C_API/buildsupport/setup.o
 .group         0x0000000000000000        0xc build//Users/rae/Developer/PlaydateSDK/C_API/buildsupport/setup.o
 .group         0x0000000000000000        0xc build//Users/rae/Developer/PlaydateSDK/C_API/buildsupport/setup.o
 .group         0x0000000000000000        0xc build//Users/rae/Developer/PlaydateSDK/C_API/buildsupport/setup.o
 .group         0x0000000000000000        0xc build//Users/rae/Developer/PlaydateSDK/C_API/buildsupport/setup.o
 .group         0x0000000000000000        0xc build//Users/rae/Developer/PlaydateSDK/C_API/buildsupport/setup.o
 .group         0x0000000000000000        0xc build//Users/rae/Developer/PlaydateSDK/C_API/buildsupport/setup.o
 .group         0x0000000000000000        0xc build//Users/rae/Developer/PlaydateSDK/C_API/buildsupport/setup.o
 .group         0x0000000000000000        0xc build//Users/rae/Developer/PlaydateSDK/C_API/buildsupport/setup.o
 .group         0x0000000000000000        0xc build//Users/rae/Developer/PlaydateSDK/C_API/buildsupport/setup.o
 .group         0x0000000000000000        0xc build//Users/rae/Developer/PlaydateSDK/C_API/buildsupport/setup.o
 .group         0x0000000000000000        0xc build//Users/rae/Developer/PlaydateSDK/C_API/buildsupport/setup.o
 .group         0x0000000000000000        0xc build//Users/rae/Developer/PlaydateSDK/C_API/buildsupport/setup.o
 .group         0x0000000000000000        0xc build//Users/rae/Developer/PlaydateSDK/C_API/buildsupport/setup.o
 .group         0x0000000000000000        0xc build//Users/rae/Developer/PlaydateSDK/C_API/buildsupport/setup.o
 .group         0x0000000000000000        0xc build//Users/rae/Developer/PlaydateSDK/C_API/buildsupport/setup.o
 .group         0x0000000000000000        0xc build//Users/rae/Developer/PlaydateSDK/C_API/buildsupport/setup.o
 .group         0x0000000000000000        0xc build//Users/rae/Developer/PlaydateSDK/C_API/buildsupport/setup.o
 .group         0x0000000000000000        0xc build//Users/rae/Developer/PlaydateSDK/C_API/buildsupport/setup.o
 .group         0x0000000000000000        0xc build//Users/rae/Developer/PlaydateSDK/C_API/buildsupport/setup.o
 .group         0x0000000000000000        0xc build//Users/rae/Developer/PlaydateSDK/C_API/buildsupport/setup.o
 .group         0x0000000000000000        0xc build//Users/rae/Developer/PlaydateSDK/C_API/buildsupport/setup.o
 .group         0x0000000000000000        0xc build//Users/rae/Developer/PlaydateSDK/C_API/buildsupport/setup.o
 .text          0x0000000000000000        0x0 build//Users/rae/Developer/PlaydateSDK/C_API/buildsupport/setup.o
 .data          0x0000000000000000        0x0 build//Users/rae/Developer/PlaydateSDK/C_API/buildsupport/setup.o
 .bss           0x0000000000000000        0x0 build//Users/rae/Developer/PlaydateSDK/C_API/buildsupport/setup.o
 .text._malloc_r
                0x0000000000000000        0xc build//Users/rae/Developer/PlaydateSDK/C_API/buildsupport/setup.o
 .text._realloc_r
                0x0000000000000000       0x10 build//Users/rae/Developer/PlaydateSDK/C_API/buildsupport/setup.o
 .text._free_r  0x0000000000000000       0x14 build//Users/rae/Developer/PlaydateSDK/C_API/buildsupport/setup.o
 .debug_macro   0x0000000000000000      0xaa8 build//Users/rae/Developer/PlaydateSDK/C_API/buildsupport/setup.o
 .debug_macro   0x0000000000000000       0x22 build//Users/rae/Developer/PlaydateSDK/C_API/buildsupport/setup.o
 .debug_macro   0x0000000000000000       0x8e build//Users/rae/Developer/PlaydateSDK/C_API/buildsupport/setup.o
 .debug_macro   0x0000000000000000       0x51 build//Users/rae/Developer/PlaydateSDK/C_API/buildsupport/setup.o
 .debug_macro   0x0000000000000000       0xef build//Users/rae/Developer/PlaydateSDK/C_API/buildsupport/setup.o
 .debug_macro   0x0000000000000000       0x6a build//Users/rae/Developer/PlaydateSDK/C_API/buildsupport/setup.o
 .debug_macro   0x0000000000000000      0x1df build//Users/rae/Developer/PlaydateSDK/C_API/buildsupport/setup.o
 .debug_macro   0x0000000000000000       0x18 build//Users/rae/Developer/PlaydateSDK/C_API/buildsupport/setup.o
 .debug_macro   0x0000000000000000       0x5e build//Users/rae/Developer/PlaydateSDK/C_API/buildsupport/setup.o
 .debug_macro   0x0000000000000000       0x35 build//Users/rae/Developer/PlaydateSDK/C_API/buildsupport/setup.o
 .debug_macro   0x0000000000000000       0x34 build//Users/rae/Developer/PlaydateSDK/C_API/buildsupport/setup.o
 .debug_macro   0x0000000000000000       0x16 build//Users/rae/Developer/PlaydateSDK/C_API/buildsupport/setup.o
 .debug_macro   0x0000000000000000      0x10e build//Users/rae/Developer/PlaydateSDK/C_API/buildsupport/setup.o
 .debug_macro   0x0000000000000000       0x8d build//Users/rae/Developer/PlaydateSDK/C_API/buildsupport/setup.o
 .debug_macro   0x0000000000000000       0x58 build//Users/rae/Developer/PlaydateSDK/C_API/buildsupport/setup.o
 .debug_macro   0x0000000000000000       0x1f build//Users/rae/Developer/PlaydateSDK/C_API/buildsupport/setup.o
 .debug_macro   0x0000000000000000       0x43 build//Users/rae/Developer/PlaydateSDK/C_API/buildsupport/setup.o
 .debug_macro   0x0000000000000000       0x20 build//Users/rae/Developer/PlaydateSDK/C_API/buildsupport/setup.o
 .debug_macro   0x0000000000000000      0x18e build//Users/rae/Developer/PlaydateSDK/C_API/buildsupport/setup.o
 .debug_macro   0x0000000000000000      0x339 build//Users/rae/Developer/PlaydateSDK/C_API/buildsupport/setup.o
 .debug_macro   0x0000000000000000       0x16 build//Users/rae/Developer/PlaydateSDK/C_API/buildsupport/setup.o
 .debug_macro   0x0000000000000000       0x29 build//Users/rae/Developer/PlaydateSDK/C_API/buildsupport/setup.o
 .debug_macro   0x0000000000000000       0x28 build//Users/rae/Developer/PlaydateSDK/C_API/buildsupport/setup.o
 .debug_macro   0x0000000000000000       0x58 build//Users/rae/Developer/PlaydateSDK/C_API/buildsupport/setup.o
 .debug_macro   0x0000000000000000       0x16 build//Users/rae/Developer/PlaydateSDK/C_API/buildsupport/setup.o
 .debug_macro   0x0000000000000000       0x35 build//Users/rae/Developer/PlaydateSDK/C_API/buildsupport/setup.o
 .debug_macro   0x0000000000000000       0x1c build//Users/rae/Developer/PlaydateSDK/C_API/buildsupport/setup.o
 .debug_macro   0x0000000000000000       0x22 build//Users/rae/Developer/PlaydateSDK/C_API/buildsupport/setup.o
 .debug_macro   0x0000000000000000      0x1e1 build//Users/rae/Developer/PlaydateSDK/C_API/buildsupport/setup.o

Memory Configuration

Name             Origin             Length             Attributes
*default*        0x0000000000000000 0xffffffffffffffff

Linker script and memory map

LOAD build/src/main.o
LOAD build/src/hebitmap.o
LOAD build/src/hebitmap_prv.o
LOAD build//Users/rae/Developer/PlaydateSDK/C_API/buildsupport/setup.o
START GROUP
LOAD /usr/local/playdate/gcc-arm-none-eabi-9-2019-q4-major/bin/../lib/gcc/arm-none-eabi/9.2.1/thumb/v7e-m+fp/hard/libgcc.a
LOAD /usr/local/playdate/gcc-arm-none-eabi-9-2019-q4-major/bin/../lib/gcc/arm-none-eabi/9.2.1/../../../../arm-none-eabi/lib/thumb/v7e-m+fp/hard/libg.a
LOAD /usr/local/playdate/gcc-arm-none-eabi-9-2019-q4-major/bin/../lib/gcc/arm-none-eabi/9.2.1/../../../../arm-none-eabi/lib/thumb/v7e-m+fp/hard/libc.a
END GROUP
START GROUP
LOAD /usr/local/playdate/gcc-arm-none-eabi-9-2019-q4-major/bin/../lib/gcc/arm-none-eabi/9.2.1/thumb/v7e-m+fp/hard/libgcc.a
LOAD /usr/local/playdate/gcc-arm-none-eabi-9-2019-q4-major/bin/../lib/gcc/arm-none-eabi/9.2.1/../../../../arm-none-eabi/lib/thumb/v7e-m+fp/hard/libc.a
LOAD /usr/local/playdate/gcc-arm-none-eabi-9-2019-q4-major/bin/../lib/gcc/arm-none-eabi/9.2.1/../../../../arm-none-eabi/lib/thumb/v7e-m+fp/hard/libm.a
END GROUP

.text           0x0000000000000000     0x14d0
 *(.text)
 *(.text.*)
 .text.eventHandler
                0x0000000000000000       0x14 build/src/main.o
                0x0000000000000000                eventHandler
 *fill*         0x0000000000000014        0xc 
 .text.lua_bitmapGetSize
                0x0000000000000020       0x34 build/src/hebitmap.o
 *fill*         0x0000000000000054        0xc 
 .text.lua_bitmapTableLength
                0x0000000000000060       0x28 build/src/hebitmap.o
 *fill*         0x0000000000000088        0x8 
 .text.lua_bitmapNew.part.0
                0x0000000000000090       0x10 build/src/hebitmap.o
 .text.buffer_align_8_32.constprop.0
                0x00000000000000a0       0xbc build/src/hebitmap.o
 *fill*         0x000000000000015c        0x4 
 .text.HEBitmapDrawOpaque
                0x0000000000000160      0x288 build/src/hebitmap.o
                0x0000000000000160                HEBitmapDrawOpaque
 *fill*         0x00000000000003e8        0x8 
 .text.HEBitmapDrawMask
                0x00000000000003f0      0x360 build/src/hebitmap.o
                0x00000000000003f0                HEBitmapDrawMask
 .text.HEBitmapBase
                0x0000000000000750       0x4c build/src/hebitmap.o
                0x0000000000000750                HEBitmapBase
 *fill*         0x000000000000079c        0x4 
 .text.HEBitmapFromBuffer
                0x00000000000007a0       0x68 build/src/hebitmap.o
 *fill*         0x0000000000000808        0x8 
 .text._HEBitmapFromLCDBitmap
                0x0000000000000810      0x1f0 build/src/hebitmap.o
                0x0000000000000810                _HEBitmapFromLCDBitmap
 .text.HEBitmapLoad
                0x0000000000000a00       0x30 build/src/hebitmap.o
                0x0000000000000a00                HEBitmapLoad
 .text.lua_bitmapNew
                0x0000000000000a30       0x38 build/src/hebitmap.o
 *fill*         0x0000000000000a68        0x8 
 .text.HEBitmapLoadHEB
                0x0000000000000a70       0x90 build/src/hebitmap.o
                0x0000000000000a70                HEBitmapLoadHEB
 .text.lua_bitmapLoadHEB
                0x0000000000000b00       0x38 build/src/hebitmap.o
 *fill*         0x0000000000000b38        0x8 
 .text.HEBitmapDraw
                0x0000000000000b40       0x2c build/src/hebitmap.o
                0x0000000000000b40                HEBitmapDraw
 *fill*         0x0000000000000b6c        0x4 
 .text.lua_bitmapDraw
                0x0000000000000b70       0x58 build/src/hebitmap.o
 *fill*         0x0000000000000bc8        0x8 
 .text.HEBitmapColorAt
                0x0000000000000bd0       0x60 build/src/hebitmap.o
                0x0000000000000bd0                HEBitmapColorAt
 .text.lua_bitmapColorAt
                0x0000000000000c30       0x6c build/src/hebitmap.o
 *fill*         0x0000000000000c9c        0x4 
 .text._HEBitmapFree
                0x0000000000000ca0       0x60 build/src/hebitmap.o
                0x0000000000000ca0                _HEBitmapFree
 .text.HEBitmapSetClipRect
                0x0000000000000d00       0x74 build/src/hebitmap.o
                0x0000000000000d00                HEBitmapSetClipRect
 *fill*         0x0000000000000d74        0xc 
 .text.lua_setClipRect
                0x0000000000000d80       0x6c build/src/hebitmap.o
 *fill*         0x0000000000000dec        0x4 
 .text.HEBitmapClearClipRect
                0x0000000000000df0       0x24 build/src/hebitmap.o
                0x0000000000000df0                HEBitmapClearClipRect
 *fill*         0x0000000000000e14        0xc 
 .text.lua_clearClipRect
                0x0000000000000e20        0xc build/src/hebitmap.o
 *fill*         0x0000000000000e2c        0x4 
 .text.HEBitmapFree
                0x0000000000000e30       0x34 build/src/hebitmap.o
                0x0000000000000e30                HEBitmapFree
 *fill*         0x0000000000000e64        0xc 
 .text.lua_freeBitmap
                0x0000000000000e70       0x24 build/src/hebitmap.o
 *fill*         0x0000000000000e94        0xc 
 .text.HEBitmapTableBase
                0x0000000000000ea0       0x38 build/src/hebitmap.o
                0x0000000000000ea0                HEBitmapTableBase
 *fill*         0x0000000000000ed8        0x8 
 .text.HEBitmapTableLoadHEBT
                0x0000000000000ee0       0xf8 build/src/hebitmap.o
                0x0000000000000ee0                HEBitmapTableLoadHEBT
 *fill*         0x0000000000000fd8        0x8 
 .text.lua_bitmapTableLoadHEBT
                0x0000000000000fe0       0x38 build/src/hebitmap.o
 *fill*         0x0000000000001018        0x8 
 .text.HEBitmapAtIndex
                0x0000000000001020       0x50 build/src/hebitmap.o
                0x0000000000001020                HEBitmapAtIndex
 .text.lua_bitmapAtIndex
                0x0000000000001070       0x60 build/src/hebitmap.o
 .text.HEBitmapTableFree
                0x00000000000010d0       0x60 build/src/hebitmap.o
                0x00000000000010d0                HEBitmapTableFree
 .text.HEBitmapTableFromLCDBitmapTable
                0x0000000000001130       0x98 build/src/hebitmap.o
                0x0000000000001130                HEBitmapTableFromLCDBitmapTable
 *fill*         0x00000000000011c8        0x8 
 .text.HEBitmapTableLoad
                0x00000000000011d0       0x30 build/src/hebitmap.o
                0x00000000000011d0                HEBitmapTableLoad
 .text.lua_bitmapTableNew
                0x0000000000001200       0x38 build/src/hebitmap.o
 *fill*         0x0000000000001238        0x8 
 .text.lua_freeBitmapTable
                0x0000000000001240       0x24 build/src/hebitmap.o
 *fill*         0x0000000000001264        0xc 
 .text.HEBitmapInit
                0x0000000000001270       0x7c build/src/hebitmap.o
                0x0000000000001270                HEBitmapInit
 *fill*         0x00000000000012ec        0x4 
 .text.clip_bounds
                0x00000000000012f0       0x64 build/src/hebitmap_prv.o
                0x00000000000012f0                clip_bounds
 *fill*         0x0000000000001354        0xc 
 .text.eventHandlerShim
                0x0000000000001360       0x1c build//Users/rae/Developer/PlaydateSDK/C_API/buildsupport/setup.o
                0x0000000000001360                eventHandlerShim
 *(.init)
 *(.fini)
 *crtbegin.o(.ctors)
 *crtbegin?.o(.ctors)
 *(EXCLUDE_FILE(*crtend.o *crtend?.o) .ctors)
 *(SORT_BY_NAME(.ctors.*))
 *(.ctors)
 *crtbegin.o(.dtors)
 *crtbegin?.o(.dtors)
 *(EXCLUDE_FILE(*crtend.o *crtend?.o) .dtors)
 *(SORT_BY_NAME(.dtors.*))
 *(.dtors)
 *(.rodata*)
 .rodata.lua_bitmapGetSize.str1.4
                0x000000000000137c       0x10 build/src/hebitmap.o
 .rodata.lua_bitmapTableLength.str1.4
                0x000000000000138c       0x15 build/src/hebitmap.o
 *fill*         0x00000000000013a1        0x3 
 .rodata._HEBitmapFromLCDBitmap.str1.4
                0x00000000000013a4       0x1f build/src/hebitmap.o
 *fill*         0x00000000000013c3        0x1 
 .rodata.HEBitmapInit.str1.4
                0x00000000000013c4       0x40 build/src/hebitmap.o
 .rodata.str1.4
                0x0000000000001404       0x51 build/src/hebitmap.o
 *fill*         0x0000000000001455        0x3 
 .rodata.lua_bitmap
                0x0000000000001458       0x38 build/src/hebitmap.o
 .rodata.lua_bitmapTable
                0x0000000000001490       0x30 build/src/hebitmap.o
 .rodata.screenRect
                0x00000000000014c0       0x10 build/src/hebitmap.o
 *(.eh_frame*)

.glue_7         0x00000000000014d0        0x0
 .glue_7        0x00000000000014d0        0x0 linker stubs

.glue_7t        0x00000000000014d0        0x0
 .glue_7t       0x00000000000014d0        0x0 linker stubs

.vfp11_veneer   0x00000000000014d0        0x0
 .vfp11_veneer  0x00000000000014d0        0x0 linker stubs

.v4_bx          0x00000000000014d0        0x0
 .v4_bx         0x00000000000014d0        0x0 linker stubs

.iplt           0x00000000000014d0        0x0
 .iplt          0x00000000000014d0        0x0 build/src/main.o

.rel.dyn        0x00000000000014d0        0x0
 .rel.iplt      0x00000000000014d0        0x0 build/src/main.o

.data           0x00000000000014d0       0x20
                0x00000000000014d0                __etext = .
                0x00000000000014d0                __data_start__ = .
 *(vtable)
 *(.data*)
 .data._clipRect
                0x00000000000014d0       0x10 build/src/hebitmap_prv.o
                0x00000000000014d0                _clipRect
 .data.clipRect
                0x00000000000014e0       0x10 build/src/hebitmap_prv.o
                0x00000000000014e0                clipRect
                0x00000000000014f0                . = ALIGN (0x4)
                [!provide]                        PROVIDE (__preinit_array_start = .)
 *(.preinit_array)
                [!provide]                        PROVIDE (__preinit_array_end = .)
                0x00000000000014f0                . = ALIGN (0x4)
                [!provide]                        PROVIDE (__init_array_start = .)
 *(SORT_BY_NAME(.init_array.*))
 *(.init_array)
                [!provide]                        PROVIDE (__init_array_end = .)
                0x00000000000014f0                . = ALIGN (0x4)
                [!provide]                        PROVIDE (__fini_array_start = .)
 *(SORT_BY_NAME(.fini_array.*))
 *(.fini_array)
                [!provide]                        PROVIDE (__fini_array_end = .)
                0x00000000000014f0                . = ALIGN (0x4)
                0x00000000000014f0                __data_end__ = .

.igot.plt       0x00000000000014f0        0x0
 .igot.plt      0x00000000000014f0        0x0 build/src/main.o

.bss            0x00000000000014f0        0x8
                0x00000000000014f0                . = ALIGN (0x4)
                0x00000000000014f0                __bss_start__ = .
 *(.bss*)
 .bss.playdate  0x00000000000014f0        0x4 build/src/hebitmap.o
 .bss.pdrealloc
                0x00000000000014f4        0x4 build//Users/rae/Developer/PlaydateSDK/C_API/buildsupport/setup.o
 *(COMMON)
 *(COM)
                0x00000000000014f8                . = ALIGN (0x4)
                0x00000000000014f8                __bss_end__ = .

/DISCARD/
 *(.ARM.exidx)
OUTPUT(build/pdex.elf elf32-littlearm)

.debug_info     0x0000000000000000    0x172b4
 .debug_info    0x0000000000000000     0x6552 build/src/main.o
 .debug_info    0x0000000000006552     0x987c build/src/hebitmap.o
 .debug_info    0x000000000000fdce      0xe40 build/src/hebitmap_prv.o
 .debug_info    0x0000000000010c0e     0x66a6 build//Users/rae/Developer/PlaydateSDK/C_API/buildsupport/setup.o

.debug_abbrev   0x0000000000000000     0x1042
 .debug_abbrev  0x0000000000000000      0x2cc build/src/main.o
 .debug_abbrev  0x00000000000002cc      0x799 build/src/hebitmap.o
 .debug_abbrev  0x0000000000000a65      0x29b build/src/hebitmap_prv.o
 .debug_abbrev  0x0000000000000d00      0x342 build//Users/rae/Developer/PlaydateSDK/C_API/buildsupport/setup.o

.debug_loc      0x0000000000000000     0x43a2
 .debug_loc     0x0000000000000000       0xac build/src/main.o
 .debug_loc     0x00000000000000ac     0x3dcb build/src/hebitmap.o
 .debug_loc     0x0000000000003e77      0x30f build/src/hebitmap_prv.o
 .debug_loc     0x0000000000004186      0x21c build//Users/rae/Developer/PlaydateSDK/C_API/buildsupport/setup.o

.debug_aranges  0x0000000000000000      0x1b8
 .debug_aranges
                0x0000000000000000       0x20 build/src/main.o
 .debug_aranges
                0x0000000000000020      0x140 build/src/hebitmap.o
 .debug_aranges
                0x0000000000000160       0x20 build/src/hebitmap_prv.o
 .debug_aranges
                0x0000000000000180       0x38 build//Users/rae/Developer/PlaydateSDK/C_API/buildsupport/setup.o

.debug_ranges   0x0000000000000000      0xb88
 .debug_ranges  0x0000000000000000       0x10 build/src/main.o
 .debug_ranges  0x0000000000000010      0xb28 build/src/hebitmap.o
 .debug_ranges  0x0000000000000b38       0x28 build/src/hebitmap_prv.o
 .debug_ranges  0x0000000000000b60       0x28 build//Users/rae/Developer/PlaydateSDK/C_API/buildsupport/setup.o

.debug_macro    0x0000000000000000     0x21bd
 .debug_macro   0x0000000000000000      0x1d9 build/src/main.o
 .debug_macro   0x00000000000001d9      0xaa8 build/src/main.o
 .debug_macro   0x0000000000000c81       0x22 build/src/main.o
 .debug_macro   0x0000000000000ca3       0x8e build/src/main.o
 .debug_macro   0x0000000000000d31       0x51 build/src/main.o
 .debug_macro   0x0000000000000d82       0xef build/src/main.o
 .debug_macro   0x0000000000000e71       0x6a build/src/main.o
 .debug_macro   0x0000000000000edb      0x1df build/src/main.o
 .debug_macro   0x00000000000010ba       0x18 build/src/main.o
 .debug_macro   0x00000000000010d2       0x5e build/src/main.o
 .debug_macro   0x0000000000001130       0x35 build/src/main.o
 .debug_macro   0x0000000000001165       0x34 build/src/main.o
 .debug_macro   0x0000000000001199       0x16 build/src/main.o
 .debug_macro   0x00000000000011af      0x10e build/src/main.o
 .debug_macro   0x00000000000012bd       0x8d build/src/main.o
 .debug_macro   0x000000000000134a       0x58 build/src/main.o
 .debug_macro   0x00000000000013a2       0x1f build/src/main.o
 .debug_macro   0x00000000000013c1       0x43 build/src/main.o
 .debug_macro   0x0000000000001404       0x20 build/src/main.o
 .debug_macro   0x0000000000001424      0x18e build/src/main.o
 .debug_macro   0x00000000000015b2      0x339 build/src/main.o
 .debug_macro   0x00000000000018eb       0x16 build/src/main.o
 .debug_macro   0x0000000000001901       0x29 build/src/main.o
 .debug_macro   0x000000000000192a       0x28 build/src/main.o
 .debug_macro   0x0000000000001952       0x58 build/src/main.o
 .debug_macro   0x00000000000019aa       0x16 build/src/main.o
 .debug_macro   0x00000000000019c0       0x35 build/src/main.o
 .debug_macro   0x00000000000019f5       0x1c build/src/main.o
 .debug_macro   0x0000000000001a11       0x22 build/src/main.o
 .debug_macro   0x0000000000001a33      0x1e1 build/src/main.o
 .debug_macro   0x0000000000001c14      0x1f7 build/src/hebitmap.o
 .debug_macro   0x0000000000001e0b      0x1e3 build/src/hebitmap_prv.o
 .debug_macro   0x0000000000001fee      0x1cf build//Users/rae/Developer/PlaydateSDK/C_API/buildsupport/setup.o

.debug_line     0x0000000000000000     0x354a
 .debug_line    0x0000000000000000      0x412 build/src/main.o
 .debug_line    0x0000000000000412     0x27e3 build/src/hebitmap.o
 .debug_line    0x0000000000002bf5      0x4b9 build/src/hebitmap_prv.o
 .debug_line    0x00000000000030ae      0x49c build//Users/rae/Developer/PlaydateSDK/C_API/buildsupport/setup.o

.debug_str      0x0000000000000000     0xa3a7
 .debug_str     0x0000000000000000     0x9cf7 build/src/main.o
                                       0xa226 (size before relaxing)
 .debug_str     0x0000000000009cf7      0x5fe build/src/hebitmap.o
                                       0xa7f1 (size before relaxing)
 .debug_str     0x000000000000a2f5       0x37 build/src/hebitmap_prv.o
                                       0x7a31 (size before relaxing)
 .debug_str     0x000000000000a32c       0x7b build//Users/rae/Developer/PlaydateSDK/C_API/buildsupport/setup.o
                                       0xa286 (size before relaxing)

.comment        0x0000000000000000       0x79
 .comment       0x0000000000000000       0x79 build/src/main.o
                                         0x7a (size before relaxing)
 .comment       0x0000000000000079       0x7a build/src/hebitmap.o
 .comment       0x0000000000000079       0x7a build/src/hebitmap_prv.o
 .comment       0x0000000000000079       0x7a build//Users/rae/Developer/PlaydateSDK/C_API/buildsupport/setup.o

.ARM.attributes
                0x0000000000000000       0x34
 .ARM.attributes
                0x0000000000000000       0x34 build/src/main.o
 .ARM.attributes
                0x0000000000000034       0x34 build/src/hebitmap.o
 .ARM.attributes
                0x0000000000000068       0x34 build/src/hebitmap_prv.o
 .ARM.attributes
                0x000000000000009c       0x34 build//Users/rae/Developer/PlaydateSDK/C_API/buildsupport/setup.o

.debug_frame    0x0000000000000000      0x6a8
 .debug_frame   0x0000000000000000       0x2c build/src/main.o
 .debug_frame   0x000000000000002c      0x5dc build/src/hebitmap.o
 .debug_frame   0x0000000000000608       0x44 build/src/hebitmap_prv.o
 .debug_frame   0x000000000000064c       0x5c build//Users/rae/Developer/PlaydateSDK/C_API/buildsupport/setup.o

Cross Reference Table

Symbol                                            File
HEBitmapAtIndex                                   build/src/hebitmap.o
HEBitmapBase                                      build/src/hebitmap.o
HEBitmapClearClipRect                             build/src/hebitmap.o
HEBitmapColorAt                                   build/src/hebitmap.o
HEBitmapDraw                                      build/src/hebitmap.o
HEBitmapDrawMask                                  build/src/hebitmap.o
HEBitmapDrawOpaque                                build/src/hebitmap.o
HEBitmapFree                                      build/src/hebitmap.o
HEBitmapFromLCDBitmap                             build/src/hebitmap.o
HEBitmapGetData                                   build/src/hebitmap.o
HEBitmapInit                                      build/src/hebitmap.o
                                                  build/src/main.o
HEBitmapLoad                                      build/src/hebitmap.o
HEBitmapLoadHEB                                   build/src/hebitmap.o
HEBitmapSetClipRect                               build/src/hebitmap.o
HEBitmapTableBase                                 build/src/hebitmap.o
HEBitmapTableFree                                 build/src/hebitmap.o
HEBitmapTableFromLCDBitmapTable                   build/src/hebitmap.o
HEBitmapTableLoad                                 build/src/hebitmap.o
HEBitmapTableLoadHEBT                             build/src/hebitmap.o
_HEBitmapFree                                     build/src/hebitmap.o
_HEBitmapFromLCDBitmap                            build/src/hebitmap.o
_clipRect                                         build/src/hebitmap_prv.o
                                                  build/src/hebitmap.o
_free_r                                           build//Users/rae/Developer/PlaydateSDK/C_API/buildsupport/setup.o
_malloc_r                                         build//Users/rae/Developer/PlaydateSDK/C_API/buildsupport/setup.o
_realloc_r                                        build//Users/rae/Developer/PlaydateSDK/C_API/buildsupport/setup.o
clipRect                                          build/src/hebitmap_prv.o
                                                  build/src/hebitmap.o
clip_bounds                                       build/src/hebitmap_prv.o
                                                  build/src/hebitmap.o
eventHandler                                      build/src/main.o
                                                  build//Users/rae/Developer/PlaydateSDK/C_API/buildsupport/setup.o
eventHandlerShim                                  build//Users/rae/Developer/PlaydateSDK/C_API/buildsupport/setup.o
